// Jest Snapshot v1, https://jestjs.io/docs/snapshot-testing

exports[`genLogMethods given: [case1] outlets provided when: [t0] log methods called then: passes outlets to each log method 1`] = `
[
  {
    "hasMetadata": false,
    "hasTimestamp": true,
    "level": "info",
    "message": "info message",
  },
  {
    "hasMetadata": false,
    "hasTimestamp": true,
    "level": "debug",
    "message": "debug message",
  },
  {
    "hasMetadata": false,
    "hasTimestamp": true,
    "level": "warn",
    "message": "warn message",
  },
  {
    "hasMetadata": false,
    "hasTimestamp": true,
    "level": "error",
    "message": "error message",
  },
]
`;

exports[`genLogMethods given: [case3] env provided when: [t0] log methods called then: passes env to each log method 1`] = `
[
  {
    "envCommit": "main@abc123",
    "hasEnv": true,
    "hasTimestamp": true,
    "level": "info",
    "message": "info message",
  },
]
`;
