// Jest Snapshot v1, https://jestjs.io/docs/snapshot-testing

exports[`genCloudwatchOutlet given: [case1] cloudwatch outlet created when: [t0] send and flush called then: log event sent to cloudwatch 1`] = `
{
  "hasMetadata": true,
  "hasTimestamp": true,
  "level": "info",
  "message": "test message from integration test",
}
`;

exports[`genCloudwatchOutlet given: [case2] region parameter provided when: [t0] outlet created with explicit region then: uses explicit region over env vars 1`] = `
{
  "hasClose": true,
  "hasFlush": true,
  "hasSend": true,
}
`;

exports[`genCloudwatchOutlet given: [case3] skipLogGroupCreation is true when: [t0] send and flush called without log group then: throws because log group absent 1`] = `
{
  "errorOnFlush": true,
  "skipLogGroupCreation": true,
}
`;

exports[`genCloudwatchOutlet given: [case4] multiple events batched when: [t0] multiple events sent and flushed then: all events appear in cloudwatch 1`] = `
{
  "eventCount": 5,
  "eventStructures": [
    {
      "hasTimestamp": true,
      "level": "info",
      "messagePattern": true,
    },
    {
      "hasTimestamp": true,
      "level": "info",
      "messagePattern": true,
    },
    {
      "hasTimestamp": true,
      "level": "info",
      "messagePattern": true,
    },
    {
      "hasTimestamp": true,
      "level": "info",
      "messagePattern": true,
    },
    {
      "hasTimestamp": true,
      "level": "info",
      "messagePattern": true,
    },
  ],
}
`;
